// Jest Snapshot v1, https://goo.gl/fbAQLP

exports[`Backdrop Component snapshot test 1`] = `
<div
  className="Backdrop"
/>
`;
