// Jest Snapshot v1, https://goo.gl/fbAQLP

exports[`CheckoutForm Component snapshot test 1`] = `
<form
  className="form"
  onSubmit={[Function]}
>
  <WithStyles(ForwardRef(TextField))
    className="input"
    id="name"
    label="Name"
    required={true}
    variant="outlined"
  />
  <WithStyles(ForwardRef(TextField))
    className="input"
    id="email"
    label="Email"
    required={true}
    type="email"
    variant="outlined"
  />
  <WithStyles(ForwardRef(TextField))
    className="input"
    helperText="Must contain 7 letters or digits"
    id="postcode"
    inputProps={
      Object {
        "maxLength": 8,
        "minLength": 8,
      }
    }
    label="Postcode"
    required={true}
    variant="outlined"
  />
  <CardElement
    onChange={[Function]}
    options={
      Object {
        "iconStyle": "solid",
        "style": Object {
          "base": Object {
            ":-webkit-autofill": Object {
              "color": "#fce883",
            },
            "::placeholder": Object {
              "color": "#bfbfbf",
            },
            "color": "rgba(0, 0, 0, 0.65)",
            "fontFamily": "Segoe UI, Roboto, Open Sans, , sans-serif",
            "fontSize": "15px",
            "fontSmoothing": "antialiased",
            "fontWeight": 500,
            "iconColor": "#1890ff",
          },
          "invalid": Object {
            "color": "#ffc7ee",
            "iconColor": "#ffc7ee",
          },
        },
      }
    }
  />
  <button
    className="checkoutBtn"
    disabled={true}
    type="submit"
  >
    <span>
      Buy Now
    </span>
  </button>
</form>
`;
